Archive member included to satisfy reference by file (symbol)

c:/st/stm32cubeide_1.0.2/stm32cubeide/plugins/com.st.stm32cube.ide.mcu.externaltools.gnu-tools-for-stm32.7-2018-q2-update.win32_1.0.0.201904181610/tools/bin/../lib/gcc/arm-none-eabi/7.3.1/../../../../arm-none-eabi/lib/thumb/v7-m\libc_nano.a(lib_a-errno.o)
                              Src/syscalls.o (__errno)
c:/st/stm32cubeide_1.0.2/stm32cubeide/plugins/com.st.stm32cube.ide.mcu.externaltools.gnu-tools-for-stm32.7-2018-q2-update.win32_1.0.0.201904181610/tools/bin/../lib/gcc/arm-none-eabi/7.3.1/../../../../arm-none-eabi/lib/thumb/v7-m\libc_nano.a(lib_a-exit.o)
                              c:/st/stm32cubeide_1.0.2/stm32cubeide/plugins/com.st.stm32cube.ide.mcu.externaltools.gnu-tools-for-stm32.7-2018-q2-update.win32_1.0.0.201904181610/tools/bin/../lib/gcc/arm-none-eabi/7.3.1/../../../../arm-none-eabi/lib/thumb/v7-m/crt0.o (exit)
c:/st/stm32cubeide_1.0.2/stm32cubeide/plugins/com.st.stm32cube.ide.mcu.externaltools.gnu-tools-for-stm32.7-2018-q2-update.win32_1.0.0.201904181610/tools/bin/../lib/gcc/arm-none-eabi/7.3.1/../../../../arm-none-eabi/lib/thumb/v7-m\libc_nano.a(lib_a-impure.o)
                              c:/st/stm32cubeide_1.0.2/stm32cubeide/plugins/com.st.stm32cube.ide.mcu.externaltools.gnu-tools-for-stm32.7-2018-q2-update.win32_1.0.0.201904181610/tools/bin/../lib/gcc/arm-none-eabi/7.3.1/../../../../arm-none-eabi/lib/thumb/v7-m\libc_nano.a(lib_a-exit.o) (_global_impure_ptr)
c:/st/stm32cubeide_1.0.2/stm32cubeide/plugins/com.st.stm32cube.ide.mcu.externaltools.gnu-tools-for-stm32.7-2018-q2-update.win32_1.0.0.201904181610/tools/bin/../lib/gcc/arm-none-eabi/7.3.1/../../../../arm-none-eabi/lib/thumb/v7-m\libc_nano.a(lib_a-init.o)
                              c:/st/stm32cubeide_1.0.2/stm32cubeide/plugins/com.st.stm32cube.ide.mcu.externaltools.gnu-tools-for-stm32.7-2018-q2-update.win32_1.0.0.201904181610/tools/bin/../lib/gcc/arm-none-eabi/7.3.1/../../../../arm-none-eabi/lib/thumb/v7-m/crt0.o (__libc_init_array)
c:/st/stm32cubeide_1.0.2/stm32cubeide/plugins/com.st.stm32cube.ide.mcu.externaltools.gnu-tools-for-stm32.7-2018-q2-update.win32_1.0.0.201904181610/tools/bin/../lib/gcc/arm-none-eabi/7.3.1/../../../../arm-none-eabi/lib/thumb/v7-m\libc_nano.a(lib_a-memset.o)
                              c:/st/stm32cubeide_1.0.2/stm32cubeide/plugins/com.st.stm32cube.ide.mcu.externaltools.gnu-tools-for-stm32.7-2018-q2-update.win32_1.0.0.201904181610/tools/bin/../lib/gcc/arm-none-eabi/7.3.1/../../../../arm-none-eabi/lib/thumb/v7-m/crt0.o (memset)
c:/st/stm32cubeide_1.0.2/stm32cubeide/plugins/com.st.stm32cube.ide.mcu.externaltools.gnu-tools-for-stm32.7-2018-q2-update.win32_1.0.0.201904181610/tools/bin/../lib/gcc/arm-none-eabi/7.3.1/../../../../arm-none-eabi/lib/thumb/v7-m\libc_nano.a(lib_a-sprintf.o)
                              Src/testSmartDoor.o (sprintf)
c:/st/stm32cubeide_1.0.2/stm32cubeide/plugins/com.st.stm32cube.ide.mcu.externaltools.gnu-tools-for-stm32.7-2018-q2-update.win32_1.0.0.201904181610/tools/bin/../lib/gcc/arm-none-eabi/7.3.1/../../../../arm-none-eabi/lib/thumb/v7-m\libc_nano.a(lib_a-nano-svfprintf.o)
                              c:/st/stm32cubeide_1.0.2/stm32cubeide/plugins/com.st.stm32cube.ide.mcu.externaltools.gnu-tools-for-stm32.7-2018-q2-update.win32_1.0.0.201904181610/tools/bin/../lib/gcc/arm-none-eabi/7.3.1/../../../../arm-none-eabi/lib/thumb/v7-m\libc_nano.a(lib_a-sprintf.o) (_svfprintf_r)
c:/st/stm32cubeide_1.0.2/stm32cubeide/plugins/com.st.stm32cube.ide.mcu.externaltools.gnu-tools-for-stm32.7-2018-q2-update.win32_1.0.0.201904181610/tools/bin/../lib/gcc/arm-none-eabi/7.3.1/../../../../arm-none-eabi/lib/thumb/v7-m\libc_nano.a(lib_a-nano-vfprintf_i.o)
                              c:/st/stm32cubeide_1.0.2/stm32cubeide/plugins/com.st.stm32cube.ide.mcu.externaltools.gnu-tools-for-stm32.7-2018-q2-update.win32_1.0.0.201904181610/tools/bin/../lib/gcc/arm-none-eabi/7.3.1/../../../../arm-none-eabi/lib/thumb/v7-m\libc_nano.a(lib_a-nano-svfprintf.o) (_printf_i)
c:/st/stm32cubeide_1.0.2/stm32cubeide/plugins/com.st.stm32cube.ide.mcu.externaltools.gnu-tools-for-stm32.7-2018-q2-update.win32_1.0.0.201904181610/tools/bin/../lib/gcc/arm-none-eabi/7.3.1/../../../../arm-none-eabi/lib/thumb/v7-m\libc_nano.a(lib_a-memchr-stub.o)
                              c:/st/stm32cubeide_1.0.2/stm32cubeide/plugins/com.st.stm32cube.ide.mcu.externaltools.gnu-tools-for-stm32.7-2018-q2-update.win32_1.0.0.201904181610/tools/bin/../lib/gcc/arm-none-eabi/7.3.1/../../../../arm-none-eabi/lib/thumb/v7-m\libc_nano.a(lib_a-nano-svfprintf.o) (memchr)
c:/st/stm32cubeide_1.0.2/stm32cubeide/plugins/com.st.stm32cube.ide.mcu.externaltools.gnu-tools-for-stm32.7-2018-q2-update.win32_1.0.0.201904181610/tools/bin/../lib/gcc/arm-none-eabi/7.3.1/../../../../arm-none-eabi/lib/thumb/v7-m\libc_nano.a(lib_a-memcpy-stub.o)
[...]
Memory Configuration

Name             Origin             Length             Attributes
RAM              0x0000000020000000 0x0000000000005000 xrw
ROM              0x0000000008000000 0x0000000000010000 xr
*default*        0x0000000000000000 0xffffffffffffffff

Linker script and memory map

LOAD c:/st/stm32cubeide_1.0.2/stm32cubeide/plugins/com.st.stm32cube.ide.mcu.externaltools.gnu-tools-for-stm32.7-2018-q2-update.win32_1.0.0.201904181610/tools/bin/../lib/gcc/arm-none-eabi/7.3.1/thumb/v7-m/crti.o
LOAD c:/st/stm32cubeide_1.0.2/stm32cubeide/plugins/com.st.stm32cube.ide.mcu.externaltools.gnu-tools-for-stm32.7-2018-q2-update.win32_1.0.0.201904181610/tools/bin/../lib/gcc/arm-none-eabi/7.3.1/thumb/v7-m/crtbegin.o
LOAD c:/st/stm32cubeide_1.0.2/stm32cubeide/plugins/com.st.stm32cube.ide.mcu.externaltools.gnu-tools-for-stm32.7-2018-q2-update.win32_1.0.0.201904181610/tools/bin/../lib/gcc/arm-none-eabi/7.3.1/../../../../arm-none-eabi/lib/thumb/v7-m/crt0.o
LOAD Src/syscalls.o
LOAD Src/sysmem.o
LOAD Src/testSmartDoor.o
LOAD Startup/startup_stm32f103c8tx.o
LOAD drivers/Src/keypad.o
LOAD drivers/Src/stm32f103_i2c_driver.o
LOAD drivers/Src/stm32f103xx.gpio_driver.o
LOAD drivers/Src/stm32f103xx_HAL_usart.o
LOAD drivers/Src/stm32f103xx_crc_driver.o
LOAD drivers/Src/stm32f103xx_delay.o
LOAD drivers/Src/stm32f103xx_i2c_lcd_driver.o
LOAD drivers/Src/stm32f103xx_init.o
LOAD drivers/Src/stm32f103xx_rc522.o
LOAD drivers/Src/stm32f103xx_rcc.o
LOAD drivers/Src/stm32f103xx_spi_driver.o
LOAD drivers/Src/stm32f103xx_usart_driver.o
LOAD drivers/Src/vantay.o
START GROUP
LOAD c:/st/stm32cubeide_1.0.2/stm32cubeide/plugins/com.st.stm32cube.ide.mcu.externaltools.gnu-tools-for-stm32.7-2018-q2-update.win32_1.0.0.201904181610/tools/bin/../lib/gcc/arm-none-eabi/7.3.1/../../../../arm-none-eabi/lib/thumb/v7-m\libc_nano.a
LOAD c:/st/stm32cubeide_1.0.2/stm32cubeide/plugins/com.st.stm32cube.ide.mcu.externaltools.gnu-tools-for-stm32.7-2018-q2-update.win32_1.0.0.201904181610/tools/bin/../lib/gcc/arm-none-eabi/7.3.1/../../../../arm-none-eabi/lib/thumb/v7-m\libm.a
END GROUP
START GROUP
LOAD c:/st/stm32cubeide_1.0.2/stm32cubeide/plugins/com.st.stm32cube.ide.mcu.externaltools.gnu-tools-for-stm32.7-2018-q2-update.win32_1.0.0.201904181610/tools/bin/../lib/gcc/arm-none-eabi/7.3.1/thumb/v7-m\libgcc.a
LOAD c:/st/stm32cubeide_1.0.2/stm32cubeide/plugins/com.st.stm32cube.ide.mcu.externaltools.gnu-tools-for-stm32.7-2018-q2-update.win32_1.0.0.201904181610/tools/bin/../lib/gcc/arm-none-eabi/7.3.1/../../../../arm-none-eabi/lib/thumb/v7-m\libc_nano.a
END GROUP
START GROUP
LOAD c:/st/stm32cubeide_1.0.2/stm32cubeide/plugins/com.st.stm32cube.ide.mcu.externaltools.gnu-tools-for-stm32.7-2018-q2-update.win32_1.0.0.201904181610/tools/bin/../lib/gcc/arm-none-eabi/7.3.1/thumb/v7-m\libgcc.a
LOAD c:/st/stm32cubeide_1.0.2/stm32cubeide/plugins/com.st.stm32cube.ide.mcu.externaltools.gnu-tools-for-stm32.7-2018-q2-update.win32_1.0.0.201904181610/tools/bin/../lib/gcc/arm-none-eabi/7.3.1/../../../../arm-none-eabi/lib/thumb/v7-m\libc_nano.a
LOAD c:/st/stm32cubeide_1.0.2/stm32cubeide/plugins/com.st.stm32cube.ide.mcu.externaltools.gnu-tools-for-stm32.7-2018-q2-update.win32_1.0.0.201904181610/tools/bin/../lib/gcc/arm-none-eabi/7.3.1/../../../../arm-none-eabi/lib/thumb/v7-m\libnosys.a
END GROUP
START GROUP
LOAD c:/st/stm32cubeide_1.0.2/stm32cubeide/plugins/com.st.stm32cube.ide.mcu.externaltools.gnu-tools-for-stm32.7-2018-q2-update.win32_1.0.0.201904181610/tools/bin/../lib/gcc/arm-none-eabi/7.3.1/thumb/v7-m\libgcc.a
LOAD c:/st/stm32cubeide_1.0.2/stm32cubeide/plugins/com.st.stm32cube.ide.mcu.externaltools.gnu-tools-for-stm32.7-2018-q2-update.win32_1.0.0.201904181610/tools/bin/../lib/gcc/arm-none-eabi/7.3.1/../../../../arm-none-eabi/lib/thumb/v7-m\libc_nano.a
LOAD c:/st/stm32cubeide_1.0.2/stm32cubeide/plugins/com.st.stm32cube.ide.mcu.externaltools.gnu-tools-for-stm32.7-2018-q2-update.win32_1.0.0.201904181610/tools/bin/../lib/gcc/arm-none-eabi/7.3.1/../../../../arm-none-eabi/lib/thumb/v7-m\libnosys.a
END GROUP
LOAD c:/st/stm32cubeide_1.0.2/stm32cubeide/plugins/com.st.stm32cube.ide.mcu.externaltools.gnu-tools-for-stm32.7-2018-q2-update.win32_1.0.0.201904181610/tools/bin/../lib/gcc/arm-none-eabi/7.3.1/thumb/v7-m/crtend.o
LOAD c:/st/stm32cubeide_1.0.2/stm32cubeide/plugins/com.st.stm32cube.ide.mcu.externaltools.gnu-tools-for-stm32.7-2018-q2-update.win32_1.0.0.201904181610/tools/bin/../lib/gcc/arm-none-eabi/7.3.1/thumb/v7-m/crtn.o
                0x0000000020005000                _estack = 0x20005000
                0x0000000000000200                _Min_Heap_Size = 0x200
                0x0000000000000400                _Min_Stack_Size = 0x400

.isr_vector     0x0000000008000000      0x130
                0x0000000008000000                . = ALIGN (0x4)
 *(.isr_vector)
 .isr_vector    0x0000000008000000      0x130 Startup/startup_stm32f103c8tx.o
                0x0000000008000000                g_pfnVectors
                0x0000000008000130                . = ALIGN (0x4)

.text           0x0000000008000130     0x4368
                0x0000000008000130                . = ALIGN (0x4)
 *(.text)
 .text          0x0000000008000130       0x40 c:/st/stm32cubeide_1.0.2/stm32cubeide/plugins/com.st.stm32cube.ide.mcu.externaltools.gnu-tools-for-stm32.7-2018-q2-update.win32_1.0.0.201904181610/tools/bin/../lib/gcc/arm-none-eabi/7.3.1/thumb/v7-m/crtbegin.o
 *(.text*)
 .text._sbrk    0x0000000008000170       0x58 Src/sysmem.o
                0x0000000008000170                _sbrk
 .text.main     0x00000000080001c8      0x550 Src/testSmartDoor.o
                0x00000000080001c8                main
 .text.I2C1_GPIOInits
                0x0000000008000718       0x38 Src/testSmartDoor.o
                0x0000000008000718                I2C1_GPIOInits
 .text.I2C1_Inits
                0x0000000008000750       0x38 Src/testSmartDoor.o
                0x0000000008000750                I2C1_Inits
 .text.USART_GPIOInits
                0x0000000008000788       0x60 Src/testSmartDoor.o
                0x0000000008000788                USART_GPIOInits
 .text.USART_Inits
                0x00000000080007e8       0x90 Src/testSmartDoor.o
                0x00000000080007e8                USART_Inits
 .text.USART2_IRQHandler
                0x0000000008000878       0x14 Src/testSmartDoor.o
                0x0000000008000878                USART2_IRQHandler
 .text.USART_ApplicationEventCallback
                0x000000000800088c      0x95c Src/testSmartDoor.o
                0x000000000800088c                USART_ApplicationEventCallback
 .text.Reset_Handler
                0x00000000080011e8       0x50 Startup/startup_stm32f103c8tx.o
                0x00000000080011e8                Reset_Handler
 .text.Default_Handler
                0x0000000008001238        0x2 Startup/startup_stm32f103c8tx.o
                0x0000000008001238                EXTI2_IRQHandler
                0x0000000008001238                TIM8_TRG_COM_IRQHandler
                0x0000000008001238                TIM8_CC_IRQHandler
                0x0000000008001238                DebugMon_Handler
                0x0000000008001238                TIM1_CC_IRQHandler
                0x0000000008001238                HardFault_Handler
                0x0000000008001238                TIM6_IRQHandler
                0x0000000008001238                PVD_IRQHandler
                0x0000000008001238                SDIO_IRQHandler
                0x0000000008001238                PendSV_Handler
                0x0000000008001238                NMI_Handler
                0x0000000008001238                EXTI3_IRQHandler
                0x0000000008001238                USB_HP_CAN_TX_IRQHandler
                0x0000000008001238                EXTI0_IRQHandler
                0x0000000008001238                I2C2_EV_IRQHandler
                0x0000000008001238                UsageFault_Handler
                0x0000000008001238                ADC1_2_IRQHandler
                0x0000000008001238                SPI1_IRQHandler
                0x0000000008001238                CAN_SCE_IRQHandler
                0x0000000008001238                TAMPER_IRQHandler
                0x0000000008001238                TIM8_UP_IRQHandler
                0x0000000008001238                DMA2_Channel2_IRQHandler
                0x0000000008001238                DMA1_Channel4_IRQHandler
                0x0000000008001238                USART3_IRQHandler
                0x0000000008001238                RTC_IRQHandler
                0x0000000008001238                DMA1_Channel7_IRQHandler
                0x0000000008001238                UART5_IRQHandler
                0x0000000008001238                ADC3_IRQHandler
                0x0000000008001238                TIM4_IRQHandler
                0x0000000008001238                CAN_RX1_IRQHandler
                0x0000000008001238                DMA2_Channel1_IRQHandler
                0x0000000008001238                I2C1_EV_IRQHandler
                0x0000000008001238                DMA1_Channel6_IRQHandler
                0x0000000008001238                UART4_IRQHandler
                0x0000000008001238                TIM3_IRQHandler
                0x0000000008001238                RCC_IRQHandler
                0x0000000008001238                TIM1_TRG_COM_IRQHandler
                0x0000000008001238                DMA1_Channel1_IRQHandler
                0x0000000008001238                Default_Handler
                0x0000000008001238                EXTI15_10_IRQHandler
                0x0000000008001238                TIM7_IRQHandler
                0x0000000008001238                TIM5_IRQHandler
                0x0000000008001238                EXTI9_5_IRQHandler
                0x0000000008001238                SPI2_IRQHandler
                0x0000000008001238                USB_LP_CAN_RX0_IRQHandler
                0x0000000008001238                MemManage_Handler
                0x0000000008001238                SVC_Handler
                0x0000000008001238                DMA1_Channel5_IRQHandler
                0x0000000008001238                EXTI4_IRQHandler
                0x0000000008001238                DMA1_Channel3_IRQHandler
                0x0000000008001238                FSMC_IRQHandler
                0x0000000008001238                TIM1_UP_IRQHandler
                0x0000000008001238                WWDG_IRQHandler
                0x0000000008001238                TIM2_IRQHandler
                0x0000000008001238                TIM1_BRK_IRQHandler
                0x0000000008001238                EXTI1_IRQHandler
                0x0000000008001238                RTCAlarm_IRQHandler
                0x0000000008001238                DMA2_Channel4_5_IRQHandler
                0x0000000008001238                I2C2_ER_IRQHandler
                0x0000000008001238                DMA1_Channel2_IRQHandler
                0x0000000008001238                TIM8_BRK_IRQHandler
                0x0000000008001238                FLASH_IRQHandler
                0x0000000008001238                BusFault_Handler
                0x0000000008001238                USART1_IRQHandler
                0x0000000008001238                SPI3_IRQHandler
                0x0000000008001238                I2C1_ER_IRQHandler
                0x0000000008001238                DMA2_Channel3_IRQHandler
 *fill*         0x000000000800123a        0x2 
 .text.KEYPAD_Inits
                0x000000000800123c       0xbc drivers/Src/keypad.o
                0x000000000800123c                KEYPAD_Inits
 .text.getChar  0x00000000080012f8       0xa4 drivers/Src/keypad.o
                0x00000000080012f8                getChar
 .text.I2C_GenerateStartCondition
                0x000000000800139c       0x1e drivers/Src/stm32f103_i2c_driver.o
 .text.I2C_ExecuteAddressPhaseWrite
                0x00000000080013ba       0x2a drivers/Src/stm32f103_i2c_driver.o
 .text.I2C_ClearADDRFlag
                0x00000000080013e4       0x1e drivers/Src/stm32f103_i2c_driver.o
 .text.I2C_GenerateStopCondition
                0x0000000008001402       0x1e drivers/Src/stm32f103_i2c_driver.o
 .text.I2C_PeriClockControl
                0x0000000008001420       0x80 drivers/Src/stm32f103_i2c_driver.o
                0x0000000008001420                I2C_PeriClockControl
 .text.I2C_AckControl
                0x00000000080014a0       0x36 drivers/Src/stm32f103_i2c_driver.o
                0x00000000080014a0                I2C_AckControl
 .text.I2C_GetFlagStatus
                0x00000000080014d6       0x28 drivers/Src/stm32f103_i2c_driver.o
                0x00000000080014d6                I2C_GetFlagStatus
 *fill*         0x00000000080014fe        0x2 
 .text.I2C_Init
                0x0000000008001500      0x158 drivers/Src/stm32f103_i2c_driver.o
                0x0000000008001500                I2C_Init
 .text.I2C_PeripheralControl
                0x0000000008001658       0x3c drivers/Src/stm32f103_i2c_driver.o
                0x0000000008001658                I2C_PeripheralControl
 .text.I2C_MasterSendData
                0x0000000008001694       0xd8 drivers/Src/stm32f103_i2c_driver.o
                0x0000000008001694                I2C_MasterSendData
 .text.GPIO_PeriClockControl
                0x000000000800176c      0x110 drivers/Src/stm32f103xx.gpio_driver.o
                0x000000000800176c                GPIO_PeriClockControl
 .text.GPIO_Init
                0x000000000800187c      0x3fc drivers/Src/stm32f103xx.gpio_driver.o
                0x000000000800187c                GPIO_Init
 .text.GPIO_ReadFromInputPin
                0x0000000008001c78       0x28 drivers/Src/stm32f103xx.gpio_driver.o
                0x0000000008001c78                GPIO_ReadFromInputPin
 .text.GPIO_WriteToOutputPin
                0x0000000008001ca0       0x48 drivers/Src/stm32f103xx.gpio_driver.o
                0x0000000008001ca0                GPIO_WriteToOutputPin
 .text.DelayInit
                0x0000000008001ce8       0x68 drivers/Src/stm32f103xx_delay.o
                0x0000000008001ce8                DelayInit
 .text.Delayms  0x0000000008001d50       0x70 drivers/Src/stm32f103xx_delay.o
                0x0000000008001d50                Delayms
 .text.mdelay   0x0000000008001dc0       0x2e drivers/Src/stm32f103xx_i2c_lcd_driver.o
 .text.udelay   0x0000000008001dee       0x26 drivers/Src/stm32f103xx_i2c_lcd_driver.o
 .text.I2C_LCD_Write
                0x0000000008001e14       0xa6 drivers/Src/stm32f103xx_i2c_lcd_driver.o
 .text.I2C_LCD_init
                0x0000000008001eba       0xd2 drivers/Src/stm32f103xx_i2c_lcd_driver.o
                0x0000000008001eba                I2C_LCD_init
 .text.I2C_LCD_print_char
                0x0000000008001f8c       0x20 drivers/Src/stm32f103xx_i2c_lcd_driver.o
                0x0000000008001f8c                I2C_LCD_print_char
 .text.I2C_LCD_display_clear
                0x0000000008001fac       0x1a drivers/Src/stm32f103xx_i2c_lcd_driver.o
                0x0000000008001fac                I2C_LCD_display_clear
 .text.I2C_LCD_print_string
                0x0000000008001fc6       0x2e drivers/Src/stm32f103xx_i2c_lcd_driver.o
                0x0000000008001fc6                I2C_LCD_print_string
 .text.I2C_LCD_set_cursor
                0x0000000008001ff4       0x44 drivers/Src/stm32f103xx_i2c_lcd_driver.o
                0x0000000008001ff4                I2C_LCD_set_cursor
 .text.SPIx_Init
                0x0000000008002038       0xf4 drivers/Src/stm32f103xx_init.o
                0x0000000008002038                SPIx_Init
 .text.SPI_Transfer
                0x000000000800212c       0x36 drivers/Src/stm32f103xx_init.o
                0x000000000800212c                SPI_Transfer
 *fill*         0x0000000008002162        0x2 
 .text.RC522_SPI_Transfer
                0x0000000008002164       0x24 drivers/Src/stm32f103xx_rc522.o
                0x0000000008002164                RC522_SPI_Transfer
 .text.Write_MFRC522
                0x0000000008002188       0x4c drivers/Src/stm32f103xx_rc522.o
                0x0000000008002188                Write_MFRC522
 .text.Read_MFRC522
                0x00000000080021d4       0x50 drivers/Src/stm32f103xx_rc522.o
                0x00000000080021d4                Read_MFRC522
 .text.SetBitMask
                0x0000000008002224       0x36 drivers/Src/stm32f103xx_rc522.o
                0x0000000008002224                SetBitMask
 .text.ClearBitMask
                0x000000000800225a       0x40 drivers/Src/stm32f103xx_rc522.o
                0x000000000800225a                ClearBitMask
 .text.AntennaOn
                0x000000000800229a       0x10 drivers/Src/stm32f103xx_rc522.o
                0x000000000800229a                AntennaOn
 .text.MFRC522_Reset
                0x00000000080022aa       0x10 drivers/Src/stm32f103xx_rc522.o
                0x00000000080022aa                MFRC522_Reset
 *fill*         0x00000000080022ba        0x2 
 .text.MFRC522_SPI_Init
                0x00000000080022bc       0x14 drivers/Src/stm32f103xx_rc522.o
                0x00000000080022bc                MFRC522_SPI_Init
 .text.MFRC522_Init
                0x00000000080022d0       0xa8 drivers/Src/stm32f103xx_rc522.o
                0x00000000080022d0                MFRC522_Init
 .text.MFRC522_ToCard
                0x0000000008002378      0x192 drivers/Src/stm32f103xx_rc522.o
                0x0000000008002378                MFRC522_ToCard
 .text.MFRC522_Request
                0x000000000800250a       0x4a drivers/Src/stm32f103xx_rc522.o
                0x000000000800250a                MFRC522_Request
 .text.MFRC522_Anticoll
                0x0000000008002554       0x7a drivers/Src/stm32f103xx_rc522.o
                0x0000000008002554                MFRC522_Anticoll
 *fill*         0x00000000080025ce        0x2 
 .text.RCC_PillSystem
                0x00000000080025d0       0x74 drivers/Src/stm32f103xx_rcc.o
                0x00000000080025d0                RCC_PillSystem
 .text.RCC_GetPCLK1Value
                0x0000000008002644       0xac drivers/Src/stm32f103xx_rcc.o
                0x0000000008002644                RCC_GetPCLK1Value
 .text.RCC_GetPCLK2Value
                0x00000000080026f0       0xac drivers/Src/stm32f103xx_rcc.o
                0x00000000080026f0                RCC_GetPCLK2Value
 .text.SysTickInit
                0x000000000800279c       0x44 drivers/Src/stm32f103xx_rcc.o
                0x000000000800279c                SysTickInit
 .text.GetTick  0x00000000080027e0       0x14 drivers/Src/stm32f103xx_rcc.o
                0x00000000080027e0                GetTick
 .text.SysTick_Handler
                0x00000000080027f4       0x1c drivers/Src/stm32f103xx_rcc.o
                0x00000000080027f4                SysTick_Handler
 .text.SPI_PeriClockControl
                0x0000000008002810       0xb0 drivers/Src/stm32f103xx_spi_driver.o
                0x0000000008002810                SPI_PeriClockControl
 .text.SPI_Init
                0x00000000080028c0       0xf4 drivers/Src/stm32f103xx_spi_driver.o
                0x00000000080028c0                SPI_Init
 .text.SPI_GetFlagStatus
                0x00000000080029b4       0x26 drivers/Src/stm32f103xx_spi_driver.o
                0x00000000080029b4                SPI_GetFlagStatus
 .text.SPI_PeriControl
                0x00000000080029da       0x36 drivers/Src/stm32f103xx_spi_driver.o
                0x00000000080029da                SPI_PeriControl
 .text.SPI_SSIConfig
                0x0000000008002a10       0x36 drivers/Src/stm32f103xx_spi_driver.o
                0x0000000008002a10                SPI_SSIConfig
 .text.SPI_SSOEConfig
                0x0000000008002a46       0x36 drivers/Src/stm32f103xx_spi_driver.o
                0x0000000008002a46                SPI_SSOEConfig
 .text.SPI_SendData
                0x0000000008002a7c       0x84 drivers/Src/stm32f103xx_spi_driver.o
                0x0000000008002a7c                SPI_SendData
 .text.SPI_ReceiveData
                0x0000000008002b00       0x68 drivers/Src/stm32f103xx_spi_driver.o
                0x0000000008002b00                SPI_ReceiveData
 .text.USART_PeriClockControl
                0x0000000008002b68       0xb0 drivers/Src/stm32f103xx_usart_driver.o
                0x0000000008002b68                USART_PeriClockControl
 .text.USART_BaudRateConfigure
                0x0000000008002c18       0x84 drivers/Src/stm32f103xx_usart_driver.o
                0x0000000008002c18                USART_BaudRateConfigure
 .text.USART_PeriControl
                0x0000000008002c9c       0x36 drivers/Src/stm32f103xx_usart_driver.o
                0x0000000008002c9c                USART_PeriControl
 .text.USART_Init
                0x0000000008002cd2       0xf8 drivers/Src/stm32f103xx_usart_driver.o
                0x0000000008002cd2                USART_Init
 .text.USART_GetFlagStatus
                0x0000000008002dca       0x26 drivers/Src/stm32f103xx_usart_driver.o
                0x0000000008002dca                USART_GetFlagStatus
 .text.USART_ReceiveDataIT
                0x0000000008002df0       0x52 drivers/Src/stm32f103xx_usart_driver.o
                0x0000000008002df0                USART_ReceiveDataIT
 *fill*         0x0000000008002e42        0x2 
 .text.USART_IRQConfig
                0x0000000008002e44       0x70 drivers/Src/stm32f103xx_usart_driver.o
                0x0000000008002e44                USART_IRQConfig
 .text.USART_IRQHandling
                0x0000000008002eb4      0x244 drivers/Src/stm32f103xx_usart_driver.o
                0x0000000008002eb4                USART_IRQHandling
 .text.HAL_UART_Transmit
                0x00000000080030f8       0xfc drivers/Src/stm32f103xx_usart_driver.o
                0x00000000080030f8                HAL_UART_Transmit
 .text.UART_WaitOnFlagUntilTimeout
                0x00000000080031f4       0x60 drivers/Src/stm32f103xx_usart_driver.o
 .text.HAL_UART_Receive
                0x0000000008003254      0x112 drivers/Src/stm32f103xx_usart_driver.o
                0x0000000008003254                HAL_UART_Receive
 *fill*         0x0000000008003366        0x2 
 .text.SendFPHeader
                0x0000000008003368       0x30 drivers/Src/vantay.o
                0x0000000008003368                SendFPHeader
 .text.SendFPGetImage
                0x0000000008003398       0x30 drivers/Src/vantay.o
                0x0000000008003398                SendFPGetImage
 .text.SendFPCreateCharFile1
                0x00000000080033c8       0x30 drivers/Src/vantay.o
                0x00000000080033c8                SendFPCreateCharFile1
 .text.SendFPCreateCharFile2
                0x00000000080033f8       0x30 drivers/Src/vantay.o
                0x00000000080033f8                SendFPCreateCharFile2
 .text.SendFPCreateTemplate
                0x0000000008003428       0x30 drivers/Src/vantay.o
                0x0000000008003428                SendFPCreateTemplate
 .text.SendFPDeleteAllFinger
                0x0000000008003458       0x30 drivers/Src/vantay.o
                0x0000000008003458                SendFPDeleteAllFinger
 .text.SendFPDSearchFinger
                0x0000000008003488       0x30 drivers/Src/vantay.o
                0x0000000008003488                SendFPDSearchFinger
 .text.SendFGetNumberOfFinger
                0x00000000080034b8       0x30 drivers/Src/vantay.o
                0x00000000080034b8                SendFGetNumberOfFinger
 .text.SendStoreFinger
                0x00000000080034e8       0xba drivers/Src/vantay.o
                0x00000000080034e8                SendStoreFinger
 *fill*         0x00000000080035a2        0x2 
 .text.CheckFPRespsone
                0x00000000080035a4       0xcc drivers/Src/vantay.o
                0x00000000080035a4                CheckFPRespsone
 .text.GetNumberOfFinger
                0x0000000008003670       0x8c drivers/Src/vantay.o
                0x0000000008003670                GetNumberOfFinger
 .text.RegistryNewFinger
                0x00000000080036fc      0x310 drivers/Src/vantay.o
                0x00000000080036fc                RegistryNewFinger
 .text.CheckFinger
                0x0000000008003a0c      0x174 drivers/Src/vantay.o
                0x0000000008003a0c                CheckFinger
 .text.deleteallfinger
                0x0000000008003b80       0x86 drivers/Src/vantay.o
                0x0000000008003b80                deleteallfinger
 *fill*         0x0000000008003c06        0x2 
 .text.__errno  0x0000000008003c08        0xc c:/st/stm32cubeide_1.0.2/stm32cubeide/plugins/com.st.stm32cube.ide.mcu.externaltools.gnu-tools-for-stm32.7-2018-q2-update.win32_1.0.0.201904181610/tools/bin/../lib/gcc/arm-none-eabi/7.3.1/../../../../arm-none-eabi/lib/thumb/v7-m\libc_nano.a(lib_a-errno.o)
                0x0000000008003c08                __errno
 .text.__libc_init_array
                0x0000000008003c14       0x48 c:/st/stm32cubeide_1.0.2/stm32cubeide/plugins/com.st.stm32cube.ide.mcu.externaltools.gnu-tools-for-stm32.7-2018-q2-update.win32_1.0.0.201904181610/tools/bin/../lib/gcc/arm-none-eabi/7.3.1/../../../../arm-none-eabi/lib/thumb/v7-m\libc_nano.a(lib_a-init.o)
                0x0000000008003c14                __libc_init_array
 .text.sprintf  0x0000000008003c5c       0x40 c:/st/stm32cubeide_1.0.2/stm32cubeide/plugins/com.st.stm32cube.ide.mcu.externaltools.gnu-tools-for-stm32.7-2018-q2-update.win32_1.0.0.201904181610/tools/bin/../lib/gcc/arm-none-eabi/7.3.1/../../../../arm-none-eabi/lib/thumb/v7-m\libc_nano.a(lib_a-sprintf.o)
                0x0000000008003c5c                siprintf
                0x0000000008003c5c                sprintf
 .text.__ssputs_r
                0x0000000008003c9c       0xb4 c:/st/stm32cubeide_1.0.2/stm32cubeide/plugins/com.st.stm32cube.ide.mcu.externaltools.gnu-tools-for-stm32.7-2018-q2-update.win32_1.0.0.201904181610/tools/bin/../lib/gcc/arm-none-eabi/7.3.1/../../../../arm-none-eabi/lib/thumb/v7-m\libc_nano.a(lib_a-nano-svfprintf.o)
                0x0000000008003c9c                __ssputs_r
 .text._svfprintf_r
                0x0000000008003d50      0x1f0 c:/st/stm32cubeide_1.0.2/stm32cubeide/plugins/com.st.stm32cube.ide.mcu.externaltools.gnu-tools-for-stm32.7-2018-q2-update.win32_1.0.0.201904181610/tools/bin/../lib/gcc/arm-none-eabi/7.3.1/../../../../arm-none-eabi/lib/thumb/v7-m\libc_nano.a(lib_a-nano-svfprintf.o)
                0x0000000008003d50                _svfiprintf_r
                0x0000000008003d50                _svfprintf_r
 .text._printf_common
                0x0000000008003f40       0xec c:/st/stm32cubeide_1.0.2/stm32cubeide/plugins/com.st.stm32cube.ide.mcu.externaltools.gnu-tools-for-stm32.7-2018-q2-update.win32_1.0.0.201904181610/tools/bin/../lib/gcc/arm-none-eabi/7.3.1/../../../../arm-none-eabi/lib/thumb/v7-m\libc_nano.a(lib_a-nano-vfprintf_i.o)
                0x0000000008003f40                _printf_common
 .text._printf_i
                0x000000000800402c      0x224 c:/st/stm32cubeide_1.0.2/stm32cubeide/plugins/com.st.stm32cube.ide.mcu.externaltools.gnu-tools-for-stm32.7-2018-q2-update.win32_1.0.0.201904181610/tools/bin/../lib/gcc/arm-none-eabi/7.3.1/../../../../arm-none-eabi/lib/thumb/v7-m\libc_nano.a(lib_a-nano-vfprintf_i.o)
                0x000000000800402c                _printf_i
 .text.memchr   0x0000000008004250       0x1c c:/st/stm32cubeide_1.0.2/stm32cubeide/plugins/com.st.stm32cube.ide.mcu.externaltools.gnu-tools-for-stm32.7-2018-q2-update.win32_1.0.0.201904181610/tools/bin/../lib/gcc/arm-none-eabi/7.3.1/../../../../arm-none-eabi/lib/thumb/v7-m\libc_nano.a(lib_a-memchr-stub.o)
                0x0000000008004250                memchr
 .text.memcpy   0x000000000800426c       0x16 c:/st/stm32cubeide_1.0.2/stm32cubeide/plugins/com.st.stm32cube.ide.mcu.externaltools.gnu-tools-for-stm32.7-2018-q2-update.win32_1.0.0.201904181610/tools/bin/../lib/gcc/arm-none-eabi/7.3.1/../../../../arm-none-eabi/lib/thumb/v7-m\libc_nano.a(lib_a-memcpy-stub.o)
                0x000000000800426c                memcpy
 .text.memmove  0x0000000008004282       0x32 c:/st/stm32cubeide_1.0.2/stm32cubeide/plugins/com.st.stm32cube.ide.mcu.externaltools.gnu-tools-for-stm32.7-2018-q2-update.win32_1.0.0.201904181610/tools/bin/../lib/gcc/arm-none-eabi/7.3.1/../../../../arm-none-eabi/lib/thumb/v7-m\libc_nano.a(lib_a-memmove.o)
                0x0000000008004282                memmove
 .text._free_r  0x00000000080042b4       0x98 c:/st/stm32cubeide_1.0.2/stm32cubeide/plugins/com.st.stm32cube.ide.mcu.externaltools.gnu-tools-for-stm32.7-2018-q2-update.win32_1.0.0.201904181610/tools/bin/../lib/gcc/arm-none-eabi/7.3.1/../../../../arm-none-eabi/lib/thumb/v7-m\libc_nano.a(lib_a-nano-freer.o)
                0x00000000080042b4                _free_r
 .text._malloc_r
                0x000000000800434c       0xb4 c:/st/stm32cubeide_1.0.2/stm32cubeide/plugins/com.st.stm32cube.ide.mcu.externaltools.gnu-tools-for-stm32.7-2018-q2-update.win32_1.0.0.201904181610/tools/bin/../lib/gcc/arm-none-eabi/7.3.1/../../../../arm-none-eabi/lib/thumb/v7-m\libc_nano.a(lib_a-nano-mallocr.o)
                0x000000000800434c                _malloc_r
 .text._realloc_r
                0x0000000008004400       0x4c c:/st/stm32cubeide_1.0.2/stm32cubeide/plugins/com.st.stm32cube.ide.mcu.externaltools.gnu-tools-for-stm32.7-2018-q2-update.win32_1.0.0.201904181610/tools/bin/../lib/gcc/arm-none-eabi/7.3.1/../../../../arm-none-eabi/lib/thumb/v7-m\libc_nano.a(lib_a-nano-reallocr.o)
                0x0000000008004400                _realloc_r
 .text._sbrk_r  0x000000000800444c       0x20 c:/st/stm32cubeide_1.0.2/stm32cubeide/plugins/com.st.stm32cube.ide.mcu.externaltools.gnu-tools-for-stm32.7-2018-q2-update.win32_1.0.0.201904181610/tools/bin/../lib/gcc/arm-none-eabi/7.3.1/../../../../arm-none-eabi/lib/thumb/v7-m\libc_nano.a(lib_a-sbrkr.o)
                0x000000000800444c                _sbrk_r
 .text.__malloc_lock
                0x000000000800446c        0x2 c:/st/stm32cubeide_1.0.2/stm32cubeide/plugins/com.st.stm32cube.ide.mcu.externaltools.gnu-tools-for-stm32.7-2018-q2-update.win32_1.0.0.201904181610/tools/bin/../lib/gcc/arm-none-eabi/7.3.1/../../../../arm-none-eabi/lib/thumb/v7-m\libc_nano.a(lib_a-mlock.o)
                0x000000000800446c                __malloc_lock
 .text.__malloc_unlock
                0x000000000800446e        0x2 c:/st/stm32cubeide_1.0.2/stm32cubeide/plugins/com.st.stm32cube.ide.mcu.externaltools.gnu-tools-for-stm32.7-2018-q2-update.win32_1.0.0.201904181610/tools/bin/../lib/gcc/arm-none-eabi/7.3.1/../../../../arm-none-eabi/lib/thumb/v7-m\libc_nano.a(lib_a-mlock.o)
                0x000000000800446e                __malloc_unlock
 .text._malloc_usable_size_r
                0x0000000008004470       0x10 c:/st/stm32cubeide_1.0.2/stm32cubeide/plugins/com.st.stm32cube.ide.mcu.externaltools.gnu-tools-for-stm32.7-2018-q2-update.win32_1.0.0.201904181610/tools/bin/../lib/gcc/arm-none-eabi/7.3.1/../../../../arm-none-eabi/lib/thumb/v7-m\libc_nano.a(lib_a-nano-msizer.o)
                0x0000000008004470                _malloc_usable_size_r
 *(.glue_7)
 .glue_7        0x0000000008004480        0x0 linker stubs
 *(.glue_7t)
 .glue_7t       0x0000000008004480        0x0 linker stubs
 *(.eh_frame)
 .eh_frame      0x0000000008004480        0x0 c:/st/stm32cubeide_1.0.2/stm32cubeide/plugins/com.st.stm32cube.ide.mcu.externaltools.gnu-tools-for-stm32.7-2018-q2-update.win32_1.0.0.201904181610/tools/bin/../lib/gcc/arm-none-eabi/7.3.1/thumb/v7-m/crtbegin.o
 *(.init)
 .init          0x0000000008004480        0x4 c:/st/stm32cubeide_1.0.2/stm32cubeide/plugins/com.st.stm32cube.ide.mcu.externaltools.gnu-tools-for-stm32.7-2018-q2-update.win32_1.0.0.201904181610/tools/bin/../lib/gcc/arm-none-eabi/7.3.1/thumb/v7-m/crti.o
                0x0000000008004480                _init
 .init          0x0000000008004484        0x8 c:/st/stm32cubeide_1.0.2/stm32cubeide/plugins/com.st.stm32cube.ide.mcu.externaltools.gnu-tools-for-stm32.7-2018-q2-update.win32_1.0.0.201904181610/tools/bin/../lib/gcc/arm-none-eabi/7.3.1/thumb/v7-m/crtn.o
 *(.fini)
 .fini          0x000000000800448c        0x4 c:/st/stm32cubeide_1.0.2/stm32cubeide/plugins/com.st.stm32cube.ide.mcu.externaltools.gnu-tools-for-stm32.7-2018-q2-update.win32_1.0.0.201904181610/tools/bin/../lib/gcc/arm-none-eabi/7.3.1/thumb/v7-m/crti.o
                0x000000000800448c                _fini
 .fini          0x0000000008004490        0x8 c:/st/stm32cubeide_1.0.2/stm32cubeide/plugins/com.st.stm32cube.ide.mcu.externaltools.gnu-tools-for-stm32.7-2018-q2-update.win32_1.0.0.201904181610/tools/bin/../lib/gcc/arm-none-eabi/7.3.1/thumb/v7-m/crtn.o
                0x0000000008004498                . = ALIGN (0x4)
                0x0000000008004498                _etext = .

.vfp11_veneer   0x0000000008004498        0x0
 .vfp11_veneer  0x0000000008004498        0x0 linker stubs

.v4_bx          0x0000000008004498        0x0
 .v4_bx         0x0000000008004498        0x0 linker stubs

.iplt           0x0000000008004498        0x0
 .iplt          0x0000000008004498        0x0 c:/st/stm32cubeide_1.0.2/stm32cubeide/plugins/com.st.stm32cube.ide.mcu.externaltools.gnu-tools-for-stm32.7-2018-q2-update.win32_1.0.0.201904181610/tools/bin/../lib/gcc/arm-none-eabi/7.3.1/thumb/v7-m/crtbegin.o

.rodata         0x0000000008004498      0x350
                0x0000000008004498                . = ALIGN (0x4)
 *(.rodata)
 .rodata        0x0000000008004498      0x1f0 Src/testSmartDoor.o
 .rodata        0x0000000008004688      0x12b drivers/Src/vantay.o
 *(.rodata*)
 .rodata._svfprintf_r.str1.1
                0x00000000080047b3       0x11 c:/st/stm32cubeide_1.0.2/stm32cubeide/plugins/com.st.stm32cube.ide.mcu.externaltools.gnu-tools-for-stm32.7-2018-q2-update.win32_1.0.0.201904181610/tools/bin/../lib/gcc/arm-none-eabi/7.3.1/../../../../arm-none-eabi/lib/thumb/v7-m\libc_nano.a(lib_a-nano-svfprintf.o)
 .rodata._printf_i.str1.1
                0x00000000080047c4       0x22 c:/st/stm32cubeide_1.0.2/stm32cubeide/plugins/com.st.stm32cube.ide.mcu.externaltools.gnu-tools-for-stm32.7-2018-q2-update.win32_1.0.0.201904181610/tools/bin/../lib/gcc/arm-none-eabi/7.3.1/../../../../arm-none-eabi/lib/thumb/v7-m\libc_nano.a(lib_a-nano-vfprintf_i.o)
                0x00000000080047e8                . = ALIGN (0x4)
 *fill*         0x00000000080047e6        0x2 

.rel.dyn        0x00000000080047e8        0x0
 .rel.iplt      0x00000000080047e8        0x0 c:/st/stm32cubeide_1.0.2/stm32cubeide/plugins/com.st.stm32cube.ide.mcu.externaltools.gnu-tools-for-stm32.7-2018-q2-update.win32_1.0.0.201904181610/tools/bin/../lib/gcc/arm-none-eabi/7.3.1/thumb/v7-m/crtbegin.o

.ARM.extab      0x00000000080047e8        0x0
                0x00000000080047e8                . = ALIGN (0x4)
 *(.ARM.extab* .gnu.linkonce.armextab.*)
                0x00000000080047e8                . = ALIGN (0x4)

.ARM            0x00000000080047e8        0x0
                0x00000000080047e8                . = ALIGN (0x4)
                0x00000000080047e8                __exidx_start = .
 *(.ARM.exidx*)
                0x00000000080047e8                __exidx_end = .
                0x00000000080047e8                . = ALIGN (0x4)

.preinit_array  0x00000000080047e8        0x0
                0x00000000080047e8                . = ALIGN (0x4)
                0x00000000080047e8                PROVIDE (__preinit_array_start = .)
 *(.preinit_array*)
                0x00000000080047e8                PROVIDE (__preinit_array_end = .)
                0x00000000080047e8                . = ALIGN (0x4)

.init_array     0x00000000080047e8        0x4
                0x00000000080047e8                . = ALIGN (0x4)
                0x00000000080047e8                PROVIDE (__init_array_start = .)
 *(SORT_BY_NAME(.init_array.*))
 *(.init_array*)
 .init_array    0x00000000080047e8        0x4 c:/st/stm32cubeide_1.0.2/stm32cubeide/plugins/com.st.stm32cube.ide.mcu.externaltools.gnu-tools-for-stm32.7-2018-q2-update.win32_1.0.0.201904181610/tools/bin/../lib/gcc/arm-none-eabi/7.3.1/thumb/v7-m/crtbegin.o
                0x00000000080047ec                PROVIDE (__init_array_end = .)
                0x00000000080047ec                . = ALIGN (0x4)

.fini_array     0x00000000080047ec        0x4
                0x00000000080047ec                . = ALIGN (0x4)
                [!provide]                        PROVIDE (__fini_array_start = .)
 *(SORT_BY_NAME(.fini_array.*))
 *(.fini_array*)
 .fini_array    0x00000000080047ec        0x4 c:/st/stm32cubeide_1.0.2/stm32cubeide/plugins/com.st.stm32cube.ide.mcu.externaltools.gnu-tools-for-stm32.7-2018-q2-update.win32_1.0.0.201904181610/tools/bin/../lib/gcc/arm-none-eabi/7.3.1/thumb/v7-m/crtbegin.o
                [!provide]                        PROVIDE (__fini_array_end = .)
                0x00000000080047f0                . = ALIGN (0x4)
                0x00000000080047f0                _sidata = LOADADDR (.data)

.data           0x0000000020000000       0xfc load address 0x00000000080047f0
                0x0000000020000000                . = ALIGN (0x4)
                0x0000000020000000                _sdata = .
 *(.data)
 *(.data*)
 .data.register_FingerResult
                0x0000000020000000        0x1 Src/testSmartDoor.o
                0x0000000020000000                register_FingerResult
 *fill*         0x0000000020000001        0x3 
 .data.ack_fp   0x0000000020000004        0x2 Src/testSmartDoor.o
                0x0000000020000004                ack_fp
 *fill*         0x0000000020000006        0x2 
 .data.ack_rfid
                0x0000000020000008        0x2 Src/testSmartDoor.o
                0x0000000020000008                ack_rfid
 *fill*         0x000000002000000a        0x2 
 .data.ack_pass
                0x000000002000000c        0x2 Src/testSmartDoor.o
                0x000000002000000c                ack_pass
 *fill*         0x000000002000000e        0x2 
 .data.password
                0x0000000020000010        0x4 Src/testSmartDoor.o
                0x0000000020000010                password
 .data.keyPad   0x0000000020000014       0x10 drivers/Src/keypad.o
 .data.tableColum
                0x0000000020000024        0x4 drivers/Src/keypad.o
                0x0000000020000024                tableColum
 .data.tableRow
                0x0000000020000028        0x4 drivers/Src/keypad.o
                0x0000000020000028                tableRow
 .data.AHB_Prescaler
                0x000000002000002c       0x10 drivers/Src/stm32f103xx_rcc.o
                0x000000002000002c                AHB_Prescaler
 .data.APB1_Prescaler
                0x000000002000003c        0x4 drivers/Src/stm32f103xx_rcc.o
                0x000000002000003c                APB1_Prescaler
 .data.PLLMUL   0x0000000020000040       0x10 drivers/Src/stm32f103xx_rcc.o
                0x0000000020000040                PLLMUL
 .data.FPHeader
                0x0000000020000050        0x6 drivers/Src/vantay.o
                0x0000000020000050                FPHeader
 *fill*         0x0000000020000056        0x2 
 .data.FPGetImage
                0x0000000020000058        0x6 drivers/Src/vantay.o
                0x0000000020000058                FPGetImage
 *fill*         0x000000002000005e        0x2 
 .data.FPCreateCharFile1
                0x0000000020000060        0x7 drivers/Src/vantay.o
                0x0000000020000060                FPCreateCharFile1
 *fill*         0x0000000020000067        0x1 
 .data.FPCreateCharFile2
                0x0000000020000068        0x7 drivers/Src/vantay.o
                0x0000000020000068                FPCreateCharFile2
 *fill*         0x000000002000006f        0x1 
 .data.FPCreateTemplate
                0x0000000020000070        0x6 drivers/Src/vantay.o
                0x0000000020000070                FPCreateTemplate
 *fill*         0x0000000020000076        0x2 
 .data.FPDeleteAllFinger
                0x0000000020000078        0x6 drivers/Src/vantay.o
                0x0000000020000078                FPDeleteAllFinger
 *fill*         0x000000002000007e        0x2 
 .data.FPSearchFinger
                0x0000000020000080        0xb drivers/Src/vantay.o
                0x0000000020000080                FPSearchFinger
 *fill*         0x000000002000008b        0x1 
 .data.FPGetNumberOfFinger
                0x000000002000008c        0x6 drivers/Src/vantay.o
                0x000000002000008c                FPGetNumberOfFinger
 *fill*         0x0000000020000092        0x2 
 .data.ReputFinger
                0x0000000020000094        0x4 drivers/Src/vantay.o
                0x0000000020000094                ReputFinger
 .data._impure_ptr
                0x0000000020000098        0x4 c:/st/stm32cubeide_1.0.2/stm32cubeide/plugins/com.st.stm32cube.ide.mcu.externaltools.gnu-tools-for-stm32.7-2018-q2-update.win32_1.0.0.201904181610/tools/bin/../lib/gcc/arm-none-eabi/7.3.1/../../../../arm-none-eabi/lib/thumb/v7-m\libc_nano.a(lib_a-impure.o)
                0x0000000020000098                _impure_ptr
 .data.impure_data
                0x000000002000009c       0x60 c:/st/stm32cubeide_1.0.2/stm32cubeide/plugins/com.st.stm32cube.ide.mcu.externaltools.gnu-tools-for-stm32.7-2018-q2-update.win32_1.0.0.201904181610/tools/bin/../lib/gcc/arm-none-eabi/7.3.1/../../../../arm-none-eabi/lib/thumb/v7-m\libc_nano.a(lib_a-impure.o)
                0x00000000200000fc                . = ALIGN (0x4)
                0x00000000200000fc                _edata = .

.igot.plt       0x00000000200000fc        0x0 load address 0x00000000080048ec
 .igot.plt      0x00000000200000fc        0x0 c:/st/stm32cubeide_1.0.2/stm32cubeide/plugins/com.st.stm32cube.ide.mcu.externaltools.gnu-tools-for-stm32.7-2018-q2-update.win32_1.0.0.201904181610/tools/bin/../lib/gcc/arm-none-eabi/7.3.1/thumb/v7-m/crtbegin.o
                0x00000000200000fc                . = ALIGN (0x4)

.bss            0x00000000200000fc      0x134 load address 0x00000000080048ec
                0x00000000200000fc                _sbss = .
                0x00000000200000fc                __bss_start__ = _sbss
 *(.bss)
 .bss           0x00000000200000fc       0x1c c:/st/stm32cubeide_1.0.2/stm32cubeide/plugins/com.st.stm32cube.ide.mcu.externaltools.gnu-tools-for-stm32.7-2018-q2-update.win32_1.0.0.201904181610/tools/bin/../lib/gcc/arm-none-eabi/7.3.1/thumb/v7-m/crtbegin.o
 *(.bss*)
 .bss.heap_end.5149
                0x0000000020000118        0x4 Src/sysmem.o
 .bss.data_winform
                0x000000002000011c        0x1 Src/testSmartDoor.o
                0x000000002000011c                data_winform
 *fill*         0x000000002000011d        0x3 
 .bss.fp_str    0x0000000020000120       0x11 Src/testSmartDoor.o
                0x0000000020000120                fp_str
 *fill*         0x0000000020000131        0x3 
 .bss.str2      0x0000000020000134       0x11 Src/testSmartDoor.o
                0x0000000020000134                str2
 *fill*         0x0000000020000145        0x3 
 .bss.str_it    0x0000000020000148       0x11 Src/testSmartDoor.o
                0x0000000020000148                str_it
 *fill*         0x0000000020000159        0x3 
 .bss.__malloc_free_list
                0x000000002000015c        0x4 c:/st/stm32cubeide_1.0.2/stm32cubeide/plugins/com.st.stm32cube.ide.mcu.externaltools.gnu-tools-for-stm32.7-2018-q2-update.win32_1.0.0.201904181610/tools/bin/../lib/gcc/arm-none-eabi/7.3.1/../../../../arm-none-eabi/lib/thumb/v7-m\libc_nano.a(lib_a-nano-mallocr.o)
                0x000000002000015c                __malloc_free_list
 .bss.__malloc_sbrk_start
                0x0000000020000160        0x4 c:/st/stm32cubeide_1.0.2/stm32cubeide/plugins/com.st.stm32cube.ide.mcu.externaltools.gnu-tools-for-stm32.7-2018-q2-update.win32_1.0.0.201904181610/tools/bin/../lib/gcc/arm-none-eabi/7.3.1/../../../../arm-none-eabi/lib/thumb/v7-m\libc_nano.a(lib_a-nano-mallocr.o)
                0x0000000020000160                __malloc_sbrk_start
 *(COMMON)
 COMMON         0x0000000020000164       0xc1 Src/testSmartDoor.o
                0x0000000020000164                UID_1
                0x000000002000016c                I2C1Handle
                0x0000000020000178                Usart2
                0x00000000200001ac                start1
                0x00000000200001b0                getPassword
                0x00000000200001b4                Usart1
                0x00000000200001e8                getPassword_temp2
                0x00000000200001ec                UID_2
                0x00000000200001f1                CurrentNumberFinger
                0x00000000200001f4                getPassword_temp1
                0x00000000200001f8                UID_3
                0x00000000200001fd                IDFromFinger
                0x0000000020000200                ticks
                0x0000000020000204                end1
                0x0000000020000208                str
                0x0000000020000218                LCD
                0x0000000020000224                status
 *fill*         0x0000000020000225        0x3 
 COMMON         0x0000000020000228        0x4 drivers/Src/stm32f103xx_rcc.o
                0x0000000020000228                tick
 COMMON         0x000000002000022c        0x4 c:/st/stm32cubeide_1.0.2/stm32cubeide/plugins/com.st.stm32cube.ide.mcu.externaltools.gnu-tools-for-stm32.7-2018-q2-update.win32_1.0.0.201904181610/tools/bin/../lib/gcc/arm-none-eabi/7.3.1/../../../../arm-none-eabi/lib/thumb/v7-m\libc_nano.a(lib_a-reent.o)
                0x000000002000022c                errno
                0x0000000020000230                . = ALIGN (0x4)
                0x0000000020000230                _ebss = .
                0x0000000020000230                __bss_end__ = _ebss

._user_heap_stack
                0x0000000020000230      0x600 load address 0x00000000080048ec
                0x0000000020000230                . = ALIGN (0x8)
                0x0000000020000230                PROVIDE (end = .)
                [!provide]                        PROVIDE (_end = .)
                0x0000000020000430                . = (. + _Min_Heap_Size)
 *fill*         0x0000000020000230      0x200 
                0x0000000020000830                . = (. + _Min_Stack_Size)
 *fill*         0x0000000020000430      0x400 
                0x0000000020000830                . = ALIGN (0x8)

/DISCARD/
 libc.a(*)
 libm.a(*)
 libgcc.a(*)

.ARM.attributes
                0x0000000000000000       0x29
 *(.ARM.attributes)
 .ARM.attributes
                0x0000000000000000       0x1d c:/st/stm32cubeide_1.0.2/stm32cubeide/plugins/com.st.stm32cube.ide.mcu.externaltools.gnu-tools-for-stm32.7-2018-q2-update.win32_1.0.0.201904181610/tools/bin/../lib/gcc/arm-none-eabi/7.3.1/thumb/v7-m/crti.o
 .ARM.attributes
                0x000000000000001d       0x2d c:/st/stm32cubeide_1.0.2/stm32cubeide/plugins/com.st.stm32cube.ide.mcu.externaltools.gnu-tools-for-stm32.7-2018-q2-update.win32_1.0.0.201904181610/tools/bin/../lib/gcc/arm-none-eabi/7.3.1/thumb/v7-m/crtbegin.o
 .ARM.attributes
                0x000000000000004a       0x33 Src/sysmem.o
 .ARM.attributes
                0x000000000000007d       0x33 Src/testSmartDoor.o
 .ARM.attributes
                0x00000000000000b0       0x21 Startup/startup_stm32f103c8tx.o
 .ARM.attributes
                0x00000000000000d1       0x33 drivers/Src/keypad.o
 .ARM.attributes
                0x0000000000000104       0x33 drivers/Src/stm32f103_i2c_driver.o
 .ARM.attributes
                0x0000000000000137       0x33 drivers/Src/stm32f103xx.gpio_driver.o
 .ARM.attributes
                0x000000000000016a       0x33 drivers/Src/stm32f103xx_delay.o
 .ARM.attributes
                0x000000000000019d       0x33 drivers/Src/stm32f103xx_i2c_lcd_driver.o
 .ARM.attributes
                0x00000000000001d0       0x33 drivers/Src/stm32f103xx_init.o
 .ARM.attributes
                0x0000000000000203       0x33 drivers/Src/stm32f103xx_rc522.o
 .ARM.attributes
                0x0000000000000236       0x33 drivers/Src/stm32f103xx_rcc.o
 .ARM.attributes
                0x0000000000000269       0x33 drivers/Src/stm32f103xx_spi_driver.o
 .ARM.attributes
                0x000000000000029c       0x33 drivers/Src/stm32f103xx_usart_driver.o
 .ARM.attributes
                0x00000000000002cf       0x33 drivers/Src/vantay.o
 .ARM.attributes
                0x0000000000000302       0x2d c:/st/stm32cubeide_1.0.2/stm32cubeide/plugins/com.st.stm32cube.ide.mcu.externaltools.gnu-tools-for-stm32.7-2018-q2-update.win32_1.0.0.201904181610/tools/bin/../lib/gcc/arm-none-eabi/7.3.1/../../../../arm-none-eabi/lib/thumb/v7-m\libc_nano.a(lib_a-errno.o)
 .ARM.attributes
                0x000000000000032f       0x2d c:/st/stm32cubeide_1.0.2/stm32cubeide/plugins/com.st.stm32cube.ide.mcu.externaltools.gnu-tools-for-stm32.7-2018-q2-update.win32_1.0.0.201904181610/tools/bin/../lib/gcc/arm-none-eabi/7.3.1/../../../../arm-none-eabi/lib/thumb/v7-m\libc_nano.a(lib_a-impure.o)
 .ARM.attributes
                0x000000000000035c       0x2d c:/st/stm32cubeide_1.0.2/stm32cubeide/plugins/com.st.stm32cube.ide.mcu.externaltools.gnu-tools-for-stm32.7-2018-q2-update.win32_1.0.0.201904181610/tools/bin/../lib/gcc/arm-none-eabi/7.3.1/../../../../arm-none-eabi/lib/thumb/v7-m\libc_nano.a(lib_a-init.o)
 .ARM.attributes
                0x0000000000000389       0x2d c:/st/stm32cubeide_1.0.2/stm32cubeide/plugins/com.st.stm32cube.ide.mcu.externaltools.gnu-tools-for-stm32.7-2018-q2-update.win32_1.0.0.201904181610/tools/bin/../lib/gcc/arm-none-eabi/7.3.1/../../../../arm-none-eabi/lib/thumb/v7-m\libc_nano.a(lib_a-sprintf.o)
 .ARM.attributes
                0x00000000000003b6       0x2d c:/st/stm32cubeide_1.0.2/stm32cubeide/plugins/com.st.stm32cube.ide.mcu.externaltools.gnu-tools-for-stm32.7-2018-q2-update.win32_1.0.0.201904181610/tools/bin/../lib/gcc/arm-none-eabi/7.3.1/../../../../arm-none-eabi/lib/thumb/v7-m\libc_nano.a(lib_a-nano-svfprintf.o)
 .ARM.attributes
                0x00000000000003e3       0x2d c:/st/stm32cubeide_1.0.2/stm32cubeide/plugins/com.st.stm32cube.ide.mcu.externaltools.gnu-tools-for-stm32.7-2018-q2-update.win32_1.0.0.201904181610/tools/bin/../lib/gcc/arm-none-eabi/7.3.1/../../../../arm-none-eabi/lib/thumb/v7-m\libc_nano.a(lib_a-nano-vfprintf_i.o)
 .ARM.attributes
                0x0000000000000410       0x2d c:/st/stm32cubeide_1.0.2/stm32cubeide/plugins/com.st.stm32cube.ide.mcu.externaltools.gnu-tools-for-stm32.7-2018-q2-update.win32_1.0.0.201904181610/tools/bin/../lib/gcc/arm-none-eabi/7.3.1/../../../../arm-none-eabi/lib/thumb/v7-m\libc_nano.a(lib_a-memchr-stub.o)
 .ARM.attributes
                0x000000000000043d       0x2d c:/st/stm32cubeide_1.0.2/stm32cubeide/plugins/com.st.stm32cube.ide.mcu.externaltools.gnu-tools-for-stm32.7-2018-q2-update.win32_1.0.0.201904181610/tools/bin/../lib/gcc/arm-none-eabi/7.3.1/../../../../arm-none-eabi/lib/thumb/v7-m\libc_nano.a(lib_a-memcpy-stub.o)
 .ARM.attributes
                0x000000000000046a       0x2d c:/st/stm32cubeide_1.0.2/stm32cubeide/plugins/com.st.stm32cube.ide.mcu.externaltools.gnu-tools-for-stm32.7-2018-q2-update.win32_1.0.0.201904181610/tools/bin/../lib/gcc/arm-none-eabi/7.3.1/../../../../arm-none-eabi/lib/thumb/v7-m\libc_nano.a(lib_a-memmove.o)
 .ARM.attributes
                0x0000000000000497       0x2d c:/st/stm32cubeide_1.0.2/stm32cubeide/plugins/com.st.stm32cube.ide.mcu.externaltools.gnu-tools-for-stm32.7-2018-q2-update.win32_1.0.0.201904181610/tools/bin/../lib/gcc/arm-none-eabi/7.3.1/../../../../arm-none-eabi/lib/thumb/v7-m\libc_nano.a(lib_a-nano-freer.o)
 .ARM.attributes
                0x00000000000004c4       0x2d c:/st/stm32cubeide_1.0.2/stm32cubeide/plugins/com.st.stm32cube.ide.mcu.externaltools.gnu-tools-for-stm32.7-2018-q2-update.win32_1.0.0.201904181610/tools/bin/../lib/gcc/arm-none-eabi/7.3.1/../../../../arm-none-eabi/lib/thumb/v7-m\libc_nano.a(lib_a-nano-mallocr.o)
 .ARM.attributes
                0x00000000000004f1       0x2d c:/st/stm32cubeide_1.0.2/stm32cubeide/plugins/com.st.stm32cube.ide.mcu.externaltools.gnu-tools-for-stm32.7-2018-q2-update.win32_1.0.0.201904181610/tools/bin/../lib/gcc/arm-none-eabi/7.3.1/../../../../arm-none-eabi/lib/thumb/v7-m\libc_nano.a(lib_a-nano-reallocr.o)
 .ARM.attributes
                0x000000000000051e       0x2d c:/st/stm32cubeide_1.0.2/stm32cubeide/plugins/com.st.stm32cube.ide.mcu.externaltools.gnu-tools-for-stm32.7-2018-q2-update.win32_1.0.0.201904181610/tools/bin/../lib/gcc/arm-none-eabi/7.3.1/../../../../arm-none-eabi/lib/thumb/v7-m\libc_nano.a(lib_a-sbrkr.o)
 .ARM.attributes
                0x000000000000054b       0x2d c:/st/stm32cubeide_1.0.2/stm32cubeide/plugins/com.st.stm32cube.ide.mcu.externaltools.gnu-tools-for-stm32.7-2018-q2-update.win32_1.0.0.201904181610/tools/bin/../lib/gcc/arm-none-eabi/7.3.1/../../../../arm-none-eabi/lib/thumb/v7-m\libc_nano.a(lib_a-mlock.o)
 .ARM.attributes
                0x0000000000000578       0x2d c:/st/stm32cubeide_1.0.2/stm32cubeide/plugins/com.st.stm32cube.ide.mcu.externaltools.gnu-tools-for-stm32.7-2018-q2-update.win32_1.0.0.201904181610/tools/bin/../lib/gcc/arm-none-eabi/7.3.1/../../../../arm-none-eabi/lib/thumb/v7-m\libc_nano.a(lib_a-nano-msizer.o)
 .ARM.attributes
                0x00000000000005a5       0x2d c:/st/stm32cubeide_1.0.2/stm32cubeide/plugins/com.st.stm32cube.ide.mcu.externaltools.gnu-tools-for-stm32.7-2018-q2-update.win32_1.0.0.201904181610/tools/bin/../lib/gcc/arm-none-eabi/7.3.1/../../../../arm-none-eabi/lib/thumb/v7-m\libc_nano.a(lib_a-reent.o)
 .ARM.attributes
                0x00000000000005d2       0x1d c:/st/stm32cubeide_1.0.2/stm32cubeide/plugins/com.st.stm32cube.ide.mcu.externaltools.gnu-tools-for-stm32.7-2018-q2-update.win32_1.0.0.201904181610/tools/bin/../lib/gcc/arm-none-eabi/7.3.1/thumb/v7-m/crtn.o
OUTPUT(stm32f103xx_drivers.elf elf32-littlearm)

.debug_info     0x0000000000000000     0x5e39
 .debug_info    0x0000000000000000      0x91c Src/sysmem.o
 .debug_info    0x000000000000091c     0x110f Src/testSmartDoor.o
 .debug_info    0x0000000000001a2b       0x22 Startup/startup_stm32f103c8tx.o
 .debug_info    0x0000000000001a4d      0x28a drivers/Src/keypad.o
 .debug_info    0x0000000000001cd7      0x5bd drivers/Src/stm32f103_i2c_driver.o
 .debug_info    0x0000000000002294      0x5e7 drivers/Src/stm32f103xx.gpio_driver.o
 .debug_info    0x000000000000287b      0x2f6 drivers/Src/stm32f103xx_delay.o
 .debug_info    0x0000000000002b71      0x434 drivers/Src/stm32f103xx_i2c_lcd_driver.o
 .debug_info    0x0000000000002fa5      0x3be drivers/Src/stm32f103xx_init.o
 .debug_info    0x0000000000003363      0x5a6 drivers/Src/stm32f103xx_rc522.o
 .debug_info    0x0000000000003909      0x3b7 drivers/Src/stm32f103xx_rcc.o
 .debug_info    0x0000000000003cc0      0x6ba drivers/Src/stm32f103xx_spi_driver.o
 .debug_info    0x000000000000437a      0x91d drivers/Src/stm32f103xx_usart_driver.o
 .debug_info    0x0000000000004c97     0x11a2 drivers/Src/vantay.o

.debug_abbrev   0x0000000000000000     0x13fb
 .debug_abbrev  0x0000000000000000      0x1bb Src/sysmem.o
 .debug_abbrev  0x00000000000001bb      0x269 Src/testSmartDoor.o
 .debug_abbrev  0x0000000000000424       0x12 Startup/startup_stm32f103c8tx.o
 .debug_abbrev  0x0000000000000436       0xf3 drivers/Src/keypad.o
 .debug_abbrev  0x0000000000000529      0x161 drivers/Src/stm32f103_i2c_driver.o
 .debug_abbrev  0x000000000000068a      0x14a drivers/Src/stm32f103xx.gpio_driver.o
 .debug_abbrev  0x00000000000007d4       0xff drivers/Src/stm32f103xx_delay.o
 .debug_abbrev  0x00000000000008d3      0x12c drivers/Src/stm32f103xx_i2c_lcd_driver.o
 .debug_abbrev  0x00000000000009ff       0xd9 drivers/Src/stm32f103xx_init.o
 .debug_abbrev  0x0000000000000ad8      0x174 drivers/Src/stm32f103xx_rc522.o
 .debug_abbrev  0x0000000000000c4c      0x152 drivers/Src/stm32f103xx_rcc.o
 .debug_abbrev  0x0000000000000d9e      0x1c7 drivers/Src/stm32f103xx_spi_driver.o
 .debug_abbrev  0x0000000000000f65      0x246 drivers/Src/stm32f103xx_usart_driver.o
 .debug_abbrev  0x00000000000011ab      0x250 drivers/Src/vantay.o

.debug_aranges  0x0000000000000000      0x4f8
 .debug_aranges
                0x0000000000000000       0x20 Src/sysmem.o
 .debug_aranges
                0x0000000000000020       0x50 Src/testSmartDoor.o
 .debug_aranges
                0x0000000000000070       0x28 Startup/startup_stm32f103c8tx.o
 .debug_aranges
                0x0000000000000098       0x28 drivers/Src/keypad.o
 .debug_aranges
                0x00000000000000c0       0x98 drivers/Src/stm32f103_i2c_driver.o
 .debug_aranges
                0x0000000000000158       0x60 drivers/Src/stm32f103xx.gpio_driver.o
 .debug_aranges
                0x00000000000001b8       0x28 drivers/Src/stm32f103xx_delay.o
 .debug_aranges
                0x00000000000001e0       0x60 drivers/Src/stm32f103xx_i2c_lcd_driver.o
 .debug_aranges
                0x0000000000000240       0x28 drivers/Src/stm32f103xx_init.o
 .debug_aranges
                0x0000000000000268       0x80 drivers/Src/stm32f103xx_rc522.o
 .debug_aranges
                0x00000000000002e8       0x48 drivers/Src/stm32f103xx_rcc.o
 .debug_aranges
                0x0000000000000330       0x98 drivers/Src/stm32f103xx_spi_driver.o
 .debug_aranges
                0x00000000000003c8       0x98 drivers/Src/stm32f103xx_usart_driver.o
 .debug_aranges
                0x0000000000000460       0x98 drivers/Src/vantay.o

.debug_ranges   0x0000000000000000      0x420
 .debug_ranges  0x0000000000000000       0x10 Src/sysmem.o
 .debug_ranges  0x0000000000000010       0x40 Src/testSmartDoor.o
 .debug_ranges  0x0000000000000050       0x20 Startup/startup_stm32f103c8tx.o
 .debug_ranges  0x0000000000000070       0x18 drivers/Src/keypad.o
 .debug_ranges  0x0000000000000088       0x88 drivers/Src/stm32f103_i2c_driver.o
 .debug_ranges  0x0000000000000110       0x50 drivers/Src/stm32f103xx.gpio_driver.o
 .debug_ranges  0x0000000000000160       0x18 drivers/Src/stm32f103xx_delay.o
 .debug_ranges  0x0000000000000178       0x50 drivers/Src/stm32f103xx_i2c_lcd_driver.o
 .debug_ranges  0x00000000000001c8       0x18 drivers/Src/stm32f103xx_init.o
 .debug_ranges  0x00000000000001e0       0x70 drivers/Src/stm32f103xx_rc522.o
 .debug_ranges  0x0000000000000250       0x38 drivers/Src/stm32f103xx_rcc.o
 .debug_ranges  0x0000000000000288       0x88 drivers/Src/stm32f103xx_spi_driver.o
 .debug_ranges  0x0000000000000310       0x88 drivers/Src/stm32f103xx_usart_driver.o
 .debug_ranges  0x0000000000000398       0x88 drivers/Src/vantay.o

.debug_macro    0x0000000000000000     0x28ad
 .debug_macro   0x0000000000000000      0x1ae Src/sysmem.o
 .debug_macro   0x00000000000001ae      0x23b Src/sysmem.o
 .debug_macro   0x00000000000003e9       0x16 Src/sysmem.o
 .debug_macro   0x00000000000003ff      0x2a9 Src/testSmartDoor.o
 .debug_macro   0x00000000000006a8       0x97 Src/testSmartDoor.o
 .debug_macro   0x000000000000073f       0xfd Src/testSmartDoor.o
 .debug_macro   0x000000000000083c       0x16 Src/testSmartDoor.o
 .debug_macro   0x0000000000000852       0x20 Src/testSmartDoor.o
 .debug_macro   0x0000000000000872       0xef Src/testSmartDoor.o
 .debug_macro   0x0000000000000961      0x1df Src/testSmartDoor.o
 .debug_macro   0x0000000000000b40       0x22 Src/testSmartDoor.o
 .debug_macro   0x0000000000000b62      0x829 Src/testSmartDoor.o
 .debug_macro   0x000000000000138b       0xca Src/testSmartDoor.o
 .debug_macro   0x0000000000001455       0xac Src/testSmartDoor.o
 .debug_macro   0x0000000000001501       0xdb Src/testSmartDoor.o
 .debug_macro   0x00000000000015dc       0x7c Src/testSmartDoor.o
 .debug_macro   0x0000000000001658       0xdc Src/testSmartDoor.o
 .debug_macro   0x0000000000001734       0x2e Src/testSmartDoor.o
 .debug_macro   0x0000000000001762       0x40 Src/testSmartDoor.o
 .debug_macro   0x00000000000017a2      0x263 Src/testSmartDoor.o
 .debug_macro   0x0000000000001a05       0xf3 drivers/Src/keypad.o
 .debug_macro   0x0000000000001af8       0x8e drivers/Src/keypad.o
 .debug_macro   0x0000000000001b86       0x51 drivers/Src/keypad.o
 .debug_macro   0x0000000000001bd7       0xeb drivers/Src/stm32f103_i2c_driver.o
 .debug_macro   0x0000000000001cc2       0x76 drivers/Src/stm32f103_i2c_driver.o
 .debug_macro   0x0000000000001d38       0xeb drivers/Src/stm32f103xx.gpio_driver.o
 .debug_macro   0x0000000000001e23       0xa6 drivers/Src/stm32f103xx.gpio_driver.o
 .debug_macro   0x0000000000001ec9       0xe5 drivers/Src/stm32f103xx_delay.o
 .debug_macro   0x0000000000001fae       0xf0 drivers/Src/stm32f103xx_i2c_lcd_driver.o
 .debug_macro   0x000000000000209e       0xd6 drivers/Src/stm32f103xx_i2c_lcd_driver.o
 .debug_macro   0x0000000000002174       0xeb drivers/Src/stm32f103xx_init.o
 .debug_macro   0x000000000000225f       0xfa drivers/Src/stm32f103xx_rc522.o
 .debug_macro   0x0000000000002359       0xe5 drivers/Src/stm32f103xx_rcc.o
 .debug_macro   0x000000000000243e       0xeb drivers/Src/stm32f103xx_spi_driver.o
 .debug_macro   0x0000000000002529       0xe5 drivers/Src/stm32f103xx_usart_driver.o
 .debug_macro   0x000000000000260e      0x259 drivers/Src/vantay.o
 .debug_macro   0x0000000000002867       0x46 drivers/Src/vantay.o

.debug_line     0x0000000000000000     0x55f3
 .debug_line    0x0000000000000000      0x559 Src/sysmem.o
 .debug_line    0x0000000000000559      0xa67 Src/testSmartDoor.o
 .debug_line    0x0000000000000fc0       0x84 Startup/startup_stm32f103c8tx.o
 .debug_line    0x0000000000001044      0x550 drivers/Src/keypad.o
 .debug_line    0x0000000000001594      0x680 drivers/Src/stm32f103_i2c_driver.o
 .debug_line    0x0000000000001c14      0x725 drivers/Src/stm32f103xx.gpio_driver.o
 .debug_line    0x0000000000002339      0x50a drivers/Src/stm32f103xx_delay.o
 .debug_line    0x0000000000002843      0x5c2 drivers/Src/stm32f103xx_i2c_lcd_driver.o
 .debug_line    0x0000000000002e05      0x510 drivers/Src/stm32f103xx_init.o
 .debug_line    0x0000000000003315      0x674 drivers/Src/stm32f103xx_rc522.o
 .debug_line    0x0000000000003989      0x54c drivers/Src/stm32f103xx_rcc.o
 .debug_line    0x0000000000003ed5      0x6bc drivers/Src/stm32f103xx_spi_driver.o
 .debug_line    0x0000000000004591      0x783 drivers/Src/stm32f103xx_usart_driver.o
 .debug_line    0x0000000000004d14      0x8df drivers/Src/vantay.o

.debug_str      0x0000000000000000     0xce53
 .debug_str     0x0000000000000000     0x791d Src/sysmem.o
                                       0x7ada (size before relaxing)
 .debug_str     0x000000000000791d     0x465f Src/testSmartDoor.o
                                       0xbd44 (size before relaxing)
 .debug_str     0x000000000000bf7c       0x31 Startup/startup_stm32f103c8tx.o
                                         0x7c (size before relaxing)
 .debug_str     0x000000000000bfad       0x5e drivers/Src/keypad.o
                                       0x7011 (size before relaxing)
 .debug_str     0x000000000000c00b      0x221 drivers/Src/stm32f103_i2c_driver.o
                                       0x6e51 (size before relaxing)
 .debug_str     0x000000000000c22c      0x17b drivers/Src/stm32f103xx.gpio_driver.o
                                       0x6e3f (size before relaxing)
 .debug_str     0x000000000000c3a7       0x98 drivers/Src/stm32f103xx_delay.o
                                       0x6c7a (size before relaxing)
 .debug_str     0x000000000000c43f       0xe8 drivers/Src/stm32f103xx_i2c_lcd_driver.o
                                       0x701e (size before relaxing)
 .debug_str     0x000000000000c527      0x10c drivers/Src/stm32f103xx_init.o
                                       0x6dae (size before relaxing)
 .debug_str     0x000000000000c633      0x16a drivers/Src/stm32f103xx_rc522.o
                                       0x7530 (size before relaxing)
 .debug_str     0x000000000000c79d      0x121 drivers/Src/stm32f103xx_rcc.o
                                       0x6d13 (size before relaxing)
 .debug_str     0x000000000000c8be      0x159 drivers/Src/stm32f103xx_spi_driver.o
                                       0x6ea3 (size before relaxing)
 .debug_str     0x000000000000ca17      0x216 drivers/Src/stm32f103xx_usart_driver.o
                                       0x7076 (size before relaxing)
 .debug_str     0x000000000000cc2d      0x226 drivers/Src/vantay.o
                                       0xb559 (size before relaxing)

.comment        0x0000000000000000       0x7b
 .comment       0x0000000000000000       0x7b Src/sysmem.o
                                         0x7c (size before relaxing)
 .comment       0x000000000000007b       0x7c Src/testSmartDoor.o
 .comment       0x000000000000007b       0x7c drivers/Src/keypad.o
 .comment       0x000000000000007b       0x7c drivers/Src/stm32f103_i2c_driver.o
 .comment       0x000000000000007b       0x7c drivers/Src/stm32f103xx.gpio_driver.o
 .comment       0x000000000000007b       0x7c drivers/Src/stm32f103xx_delay.o
 .comment       0x000000000000007b       0x7c drivers/Src/stm32f103xx_i2c_lcd_driver.o
 .comment       0x000000000000007b       0x7c drivers/Src/stm32f103xx_init.o
 .comment       0x000000000000007b       0x7c drivers/Src/stm32f103xx_rc522.o
 .comment       0x000000000000007b       0x7c drivers/Src/stm32f103xx_rcc.o
 .comment       0x000000000000007b       0x7c drivers/Src/stm32f103xx_spi_driver.o
 .comment       0x000000000000007b       0x7c drivers/Src/stm32f103xx_usart_driver.o
 .comment       0x000000000000007b       0x7c drivers/Src/vantay.o

.debug_frame    0x0000000000000000     0x15b8
 .debug_frame   0x0000000000000000       0x34 Src/sysmem.o
 .debug_frame   0x0000000000000034       0xfc Src/testSmartDoor.o
 .debug_frame   0x0000000000000130       0x58 drivers/Src/keypad.o
 .debug_frame   0x0000000000000188      0x280 drivers/Src/stm32f103_i2c_driver.o
 .debug_frame   0x0000000000000408      0x178 drivers/Src/stm32f103xx.gpio_driver.o
 .debug_frame   0x0000000000000580       0x5c drivers/Src/stm32f103xx_delay.o
 .debug_frame   0x00000000000005dc      0x15c drivers/Src/stm32f103xx_i2c_lcd_driver.o
 .debug_frame   0x0000000000000738       0x58 drivers/Src/stm32f103xx_init.o
 .debug_frame   0x0000000000000790      0x1c8 drivers/Src/stm32f103xx_rc522.o
 .debug_frame   0x0000000000000958       0xe0 drivers/Src/stm32f103xx_rcc.o
 .debug_frame   0x0000000000000a38      0x278 drivers/Src/stm32f103xx_spi_driver.o
 .debug_frame   0x0000000000000cb0      0x278 drivers/Src/stm32f103xx_usart_driver.o
 .debug_frame   0x0000000000000f28      0x2f8 drivers/Src/vantay.o
 .debug_frame   0x0000000000001220       0x20 c:/st/stm32cubeide_1.0.2/stm32cubeide/plugins/com.st.stm32cube.ide.mcu.externaltools.gnu-tools-for-stm32.7-2018-q2-update.win32_1.0.0.201904181610/tools/bin/../lib/gcc/arm-none-eabi/7.3.1/../../../../arm-none-eabi/lib/thumb/v7-m\libc_nano.a(lib_a-errno.o)
 .debug_frame   0x0000000000001240       0x2c c:/st/stm32cubeide_1.0.2/stm32cubeide/plugins/com.st.stm32cube.ide.mcu.externaltools.gnu-tools-for-stm32.7-2018-q2-update.win32_1.0.0.201904181610/tools/bin/../lib/gcc/arm-none-eabi/7.3.1/../../../../arm-none-eabi/lib/thumb/v7-m\libc_nano.a(lib_a-init.o)
 .debug_frame   0x000000000000126c       0x6c c:/st/stm32cubeide_1.0.2/stm32cubeide/plugins/com.st.stm32cube.ide.mcu.externaltools.gnu-tools-for-stm32.7-2018-q2-update.win32_1.0.0.201904181610/tools/bin/../lib/gcc/arm-none-eabi/7.3.1/../../../../arm-none-eabi/lib/thumb/v7-m\libc_nano.a(lib_a-sprintf.o)
 .debug_frame   0x00000000000012d8       0x90 c:/st/stm32cubeide_1.0.2/stm32cubeide/plugins/com.st.stm32cube.ide.mcu.externaltools.gnu-tools-for-stm32.7-2018-q2-update.win32_1.0.0.201904181610/tools/bin/../lib/gcc/arm-none-eabi/7.3.1/../../../../arm-none-eabi/lib/thumb/v7-m\libc_nano.a(lib_a-nano-svfprintf.o)
 .debug_frame   0x0000000000001368       0x60 c:/st/stm32cubeide_1.0.2/stm32cubeide/plugins/com.st.stm32cube.ide.mcu.externaltools.gnu-tools-for-stm32.7-2018-q2-update.win32_1.0.0.201904181610/tools/bin/../lib/gcc/arm-none-eabi/7.3.1/../../../../arm-none-eabi/lib/thumb/v7-m\libc_nano.a(lib_a-nano-vfprintf_i.o)
 .debug_frame   0x00000000000013c8       0x28 c:/st/stm32cubeide_1.0.2/stm32cubeide/plugins/com.st.stm32cube.ide.mcu.externaltools.gnu-tools-for-stm32.7-2018-q2-update.win32_1.0.0.201904181610/tools/bin/../lib/gcc/arm-none-eabi/7.3.1/../../../../arm-none-eabi/lib/thumb/v7-m\libc_nano.a(lib_a-memchr-stub.o)
 .debug_frame   0x00000000000013f0       0x28 c:/st/stm32cubeide_1.0.2/stm32cubeide/plugins/com.st.stm32cube.ide.mcu.externaltools.gnu-tools-for-stm32.7-2018-q2-update.win32_1.0.0.201904181610/tools/bin/../lib/gcc/arm-none-eabi/7.3.1/../../../../arm-none-eabi/lib/thumb/v7-m\libc_nano.a(lib_a-memcpy-stub.o)
 .debug_frame   0x0000000000001418       0x28 c:/st/stm32cubeide_1.0.2/stm32cubeide/plugins/com.st.stm32cube.ide.mcu.externaltools.gnu-tools-for-stm32.7-2018-q2-update.win32_1.0.0.201904181610/tools/bin/../lib/gcc/arm-none-eabi/7.3.1/../../../../arm-none-eabi/lib/thumb/v7-m\libc_nano.a(lib_a-memmove.o)
 .debug_frame   0x0000000000001440       0x38 c:/st/stm32cubeide_1.0.2/stm32cubeide/plugins/com.st.stm32cube.ide.mcu.externaltools.gnu-tools-for-stm32.7-2018-q2-update.win32_1.0.0.201904181610/tools/bin/../lib/gcc/arm-none-eabi/7.3.1/../../../../arm-none-eabi/lib/thumb/v7-m\libc_nano.a(lib_a-nano-freer.o)
 .debug_frame   0x0000000000001478       0x2c c:/st/stm32cubeide_1.0.2/stm32cubeide/plugins/com.st.stm32cube.ide.mcu.externaltools.gnu-tools-for-stm32.7-2018-q2-update.win32_1.0.0.201904181610/tools/bin/../lib/gcc/arm-none-eabi/7.3.1/../../../../arm-none-eabi/lib/thumb/v7-m\libc_nano.a(lib_a-nano-mallocr.o)
 .debug_frame   0x00000000000014a4       0x3c c:/st/stm32cubeide_1.0.2/stm32cubeide/plugins/com.st.stm32cube.ide.mcu.externaltools.gnu-tools-for-stm32.7-2018-q2-update.win32_1.0.0.201904181610/tools/bin/../lib/gcc/arm-none-eabi/7.3.1/../../../../arm-none-eabi/lib/thumb/v7-m\libc_nano.a(lib_a-nano-reallocr.o)
 .debug_frame   0x00000000000014e0       0x2c c:/st/stm32cubeide_1.0.2/stm32cubeide/plugins/com.st.stm32cube.ide.mcu.externaltools.gnu-tools-for-stm32.7-2018-q2-update.win32_1.0.0.201904181610/tools/bin/../lib/gcc/arm-none-eabi/7.3.1/../../../../arm-none-eabi/lib/thumb/v7-m\libc_nano.a(lib_a-sbrkr.o)
 .debug_frame   0x000000000000150c       0x30 c:/st/stm32cubeide_1.0.2/stm32cubeide/plugins/com.st.stm32cube.ide.mcu.externaltools.gnu-tools-for-stm32.7-2018-q2-update.win32_1.0.0.201904181610/tools/bin/../lib/gcc/arm-none-eabi/7.3.1/../../../../arm-none-eabi/lib/thumb/v7-m\libc_nano.a(lib_a-mlock.o)
 .debug_frame   0x000000000000153c       0x20 c:/st/stm32cubeide_1.0.2/stm32cubeide/plugins/com.st.stm32cube.ide.mcu.externaltools.gnu-tools-for-stm32.7-2018-q2-update.win32_1.0.0.201904181610/tools/bin/../lib/gcc/arm-none-eabi/7.3.1/../../../../arm-none-eabi/lib/thumb/v7-m\libc_nano.a(lib_a-nano-msizer.o)
 .debug_frame   0x000000000000155c       0x5c c:/st/stm32cubeide_1.0.2/stm32cubeide/plugins/com.st.stm32cube.ide.mcu.externaltools.gnu-tools-for-stm32.7-2018-q2-update.win32_1.0.0.201904181610/tools/bin/../lib/gcc/arm-none-eabi/7.3.1/../../../../arm-none-eabi/lib/thumb/v7-m\libc_nano.a(lib_a-reent.o)
